2026-08-31 22:03:19.805131: E external/local_xla/xla/stream_executor/cuda/cuda_fft.cc:485] Unable to register cuFFT factory: Attempting to register factory for plugin cuFFT when one has already been registered
2026-08-31 22:03:19.949207: E external/local_xla/xla/stream_executor/cuda/cuda_dnn.cc:8473] Unable to register cuDNN factory: Attempting to register factory for plugin cuDNN when one has already been registered
2026-08-31 22:03:19.988561: E external/local_xla/xla/stream_executor/cuda/cuda_blas.cc:1471] Unable to register cuBLAS factory: Attempting to register factory for plugin cuBLAS when one has already been registered
Warning: no accessibility mask found. All sites in the genome are assumed to be accessible.
Warning: no demographic history file found. All training data will be simulated under demographic equilibrium.
Simulating with window size = 786000 bp.
Training set:
Simulate...
Validation set:
Simulate...
Test set:
Simulate...

SIMULATIONS FINISHED!

SANITY CHECK
====================
numSegSites			Min	Mean	Max
Simulated:			512	1531	4072
InputVCF chr1:0-10000000:		68	1235	1750
InputVCF chr2:0-10000000:		1038	1412	1749
InputVCF chr3:0-10000000:		975	1359	1741
InputVCF chr4:0-10000000:		1070	1345	1750
InputVCF chr5:0-10000000:		294	1494	1751
InputVCF chr6:0-10000000:		1198	1539	1746
InputVCF chr7:0-10000000:		13	1349	1763
InputVCF chr8:0-10000000:		1022	1354	1747
InputVCF chr9:0-10000000:		132	968	1761
InputVCF chr10:0-10000000:		115	1087	1748
InputVCF chr11:0-10000000:		165	1350	1758
InputVCF chr12:0-10000000:		606	1452	1750
InputVCF chr13:0-10000000:		1091	1478	1751
InputVCF chr14:0-10000000:		60	1353	1746
InputVCF chr15:0-10000000:		463	1420	1753
InputVCF chr16:0-10000000:		607	1332	1749
InputVCF chr17:0-10000000:		527	1440	1750
InputVCF chr18:0-10000000:		1375	1466	1754
InputVCF chr19:0-10000000:		354	1165	1750
InputVCF chr20:0-10000000:		74	1385	1756


***ReLERNN_SIMULATE.py FINISHED!***

