2026-08-31 22:03:19.685972: E external/local_xla/xla/stream_executor/cuda/cuda_fft.cc:485] Unable to register cuFFT factory: Attempting to register factory for plugin cuFFT when one has already been registered
2026-08-31 22:03:19.889647: E external/local_xla/xla/stream_executor/cuda/cuda_dnn.cc:8473] Unable to register cuDNN factory: Attempting to register factory for plugin cuDNN when one has already been registered
2026-08-31 22:03:19.934240: E external/local_xla/xla/stream_executor/cuda/cuda_blas.cc:1471] Unable to register cuBLAS factory: Attempting to register factory for plugin cuBLAS when one has already been registered
Warning: no accessibility mask found. All sites in the genome are assumed to be accessible.
Warning: no demographic history file found. All training data will be simulated under demographic equilibrium.
Simulating with window size = 2505000 bp.
Training set:
Simulate...
Validation set:
Simulate...
Test set:
Simulate...

SIMULATIONS FINISHED!

SANITY CHECK
====================
numSegSites			Min	Mean	Max
Simulated:			544	1696	3792
InputVCF chr1:0-10000000:		85	1376	1751
InputVCF chr2:0-10000000:		1653	1705	1751
InputVCF chr3:0-10000000:		708	1470	1748
InputVCF chr4:0-10000000:		1358	1542	1751
InputVCF chr5:0-10000000:		689	1448	1750
InputVCF chr6:0-10000000:		944	1479	1750
InputVCF chr7:0-10000000:		936	1489	1750
InputVCF chr8:0-10000000:		322	1405	1750
InputVCF chr9:0-10000000:		1261	1500	1748
InputVCF chr10:0-10000000:		567	1443	1750
InputVCF chr11:0-10000000:		1156	1440	1750
InputVCF chr12:0-10000000:		1415	1519	1753
InputVCF chr13:0-10000000:		768	1451	1751
InputVCF chr14:0-10000000:		316	1391	1752
InputVCF chr15:0-10000000:		494	1390	1750
InputVCF chr16:0-10000000:		1077	1493	1749
InputVCF chr17:0-10000000:		1061	1467	1749
InputVCF chr18:0-10000000:		82	1256	1747
InputVCF chr19:0-10000000:		436	1382	1750
InputVCF chr20:0-10000000:		543	1473	1748


***ReLERNN_SIMULATE.py FINISHED!***

