2026-08-31 22:03:19.746932: E external/local_xla/xla/stream_executor/cuda/cuda_fft.cc:485] Unable to register cuFFT factory: Attempting to register factory for plugin cuFFT when one has already been registered
2026-08-31 22:03:19.904385: E external/local_xla/xla/stream_executor/cuda/cuda_dnn.cc:8473] Unable to register cuDNN factory: Attempting to register factory for plugin cuDNN when one has already been registered
2026-08-31 22:03:19.946633: E external/local_xla/xla/stream_executor/cuda/cuda_blas.cc:1471] Unable to register cuBLAS factory: Attempting to register factory for plugin cuBLAS when one has already been registered
Warning: no accessibility mask found. All sites in the genome are assumed to be accessible.
Warning: no demographic history file found. All training data will be simulated under demographic equilibrium.
Simulating with window size = 786000 bp.
Training set:
Simulate...
Validation set:
Simulate...
Test set:
Simulate...

SIMULATIONS FINISHED!

SANITY CHECK
====================
numSegSites			Min	Mean	Max
Simulated:			453	1516	4043
InputVCF chr1:0-10000000:		1139	1321	1759
InputVCF chr2:0-10000000:		542	1500	1748
InputVCF chr3:0-10000000:		799	1523	1749
InputVCF chr4:0-10000000:		1211	1508	1747
InputVCF chr5:0-10000000:		322	1397	1751
InputVCF chr6:0-10000000:		1265	1505	1749
InputVCF chr7:0-10000000:		926	1492	1760
InputVCF chr8:0-10000000:		534	1502	1747
InputVCF chr9:0-10000000:		185	1223	1743
InputVCF chr10:0-10000000:		616	1481	1757
InputVCF chr11:0-10000000:		12	1269	1750
InputVCF chr12:0-10000000:		14	1406	1748
InputVCF chr13:0-10000000:		113	1359	1743
InputVCF chr14:0-10000000:		1045	1361	1752
InputVCF chr15:0-10000000:		400	1340	1756
InputVCF chr16:0-10000000:		964	1241	1752
InputVCF chr17:0-10000000:		45	1283	1753
InputVCF chr18:0-10000000:		861	1335	1746
InputVCF chr19:0-10000000:		426	1456	1743
InputVCF chr20:0-10000000:		674	1505	1753


***ReLERNN_SIMULATE.py FINISHED!***

