2026-08-31 22:03:19.798806: E external/local_xla/xla/stream_executor/cuda/cuda_fft.cc:485] Unable to register cuFFT factory: Attempting to register factory for plugin cuFFT when one has already been registered
2026-08-31 22:03:19.959764: E external/local_xla/xla/stream_executor/cuda/cuda_dnn.cc:8473] Unable to register cuDNN factory: Attempting to register factory for plugin cuDNN when one has already been registered
2026-08-31 22:03:20.013619: E external/local_xla/xla/stream_executor/cuda/cuda_blas.cc:1471] Unable to register cuBLAS factory: Attempting to register factory for plugin cuBLAS when one has already been registered
Warning: no accessibility mask found. All sites in the genome are assumed to be accessible.
Simulating with window size = 3037000 bp.
Simulating under the following population size history:
DemographyDebugger
╠══════════════════════════════════╗
║ Epoch[0]: [0, 2e+03) generations ║
╠══════════════════════════════════╝
╟    Populations (total=1 active=1)
║    ┌───────────────────────────────────────────┐
║    │       │     start│       end│growth_rate  │
║    ├───────────────────────────────────────────┤
║    │  pop_0│   10000.0│   10000.0│ 0           │
║    └───────────────────────────────────────────┘
╟    Events @ generation 2e+03
║    ┌───────────────────────────────────────────────────────────────────────────────┐
║    │  time│type        │parameters         │effect                                 │
║    ├───────────────────────────────────────────────────────────────────────────────┤
║    │  2000│Population  │population=0,      │initial_size → 1e+03 for population 0  │
║    │      │parameter   │initial_size=1000  │                                       │
║    │      │change      │                   │                                       │
║    └───────────────────────────────────────────────────────────────────────────────┘
╠════════════════════════════════════╗
║ Epoch[1]: [2e+03, inf) generations ║
╠════════════════════════════════════╝
╟    Populations (total=1 active=1)
║    ┌─────────────────────────────────────────┐
║    │       │    start│      end│growth_rate  │
║    ├─────────────────────────────────────────┤
║    │  pop_0│   1000.0│   1000.0│ 0           │
║    └─────────────────────────────────────────┘
Training set:
Simulate...
Validation set:
Simulate...
Test set:
Simulate...

SIMULATIONS FINISHED!

SANITY CHECK
====================
numSegSites			Min	Mean	Max
Simulated:			910	1792	3108
InputVCF chr1:0-10000000:		559	1414	1750
InputVCF chr2:0-10000000:		723	1449	1749
InputVCF chr3:0-10000000:		640	1423	1750
InputVCF chr4:0-10000000:		936	1466	1751
InputVCF chr5:0-10000000:		810	1482	1750
InputVCF chr6:0-10000000:		670	1455	1750
InputVCF chr7:0-10000000:		648	1460	1750
InputVCF chr8:0-10000000:		1112	1571	1752
InputVCF chr9:0-10000000:		803	1475	1749
InputVCF chr10:0-10000000:		1060	1506	1750
InputVCF chr11:0-10000000:		1088	1557	1751
InputVCF chr12:0-10000000:		1108	1516	1750
InputVCF chr13:0-10000000:		722	1456	1749
InputVCF chr14:0-10000000:		721	1440	1751
InputVCF chr15:0-10000000:		1112	1522	1750
InputVCF chr16:0-10000000:		885	1480	1751
InputVCF chr17:0-10000000:		547	1418	1750
InputVCF chr18:0-10000000:		722	1456	1750
InputVCF chr19:0-10000000:		796	1479	1752
InputVCF chr20:0-10000000:		696	1470	1751


***ReLERNN_SIMULATE.py FINISHED!***

